// Jest Snapshot v1, https://goo.gl/fbAQLP

exports[`feature <> staging 1`] = `
"Snapshot Diff:
- feature
+ staging

@@ -4,1 +4,1 @@
-   name: the-deployment-BRANCH_NAME
+   name: the-deployment
@@ -7,1 +7,0 @@
-     branch: BRANCH_NAME
@@ -14,1 +13,0 @@
-         branch: BRANCH_NAME
@@ -33,0 +31,16 @@
+ apiVersion: extensions/v1beta1
+ kind: Ingress
+ metadata:
+   name: the-ingress
+   labels:
+     app: hello
+   annotations:
+     nginx.ingress.kubernetes.io/rewrite-target: /
+ spec:
+   rules:
+     - http:
+         paths:
+           - path: /the-path
+             backend:
+               serviceName: the-service
+               servicePort: 80
@@ -38,1 +52,1 @@
-   name: the-service-BRANCH_NAME
+   name: the-service
@@ -41,1 +55,0 @@
-     branch: BRANCH_NAME
"
`;

exports[`staging <> production 1`] = `
"Snapshot Diff:
- staging
+ production

@@ -26,3 +26,1 @@
-               value: \\"User ID=root;Host=the-test-db-server;Port=5432;Database=the-db;\\"
-             - name: DEBUG
-               value: \\"true\\"
+               value: \\"User ID=root;Host=the-db-server;Port=5432;Database=the-db;\\"
"
`;
